Multivariate ld-score regression of 2 traits (GWAMA_Primary_Trait.sumstats.gz IBD_Strict.sumstats.gz) began at: 2026-08-02 11:04:58.930871
Reading in LD scores
Read in summary statistics [1/2] from: GWAMA_Primary_Trait.sumstats.gz
Out of 1174598 SNPs, 1168077 remain after merging with LD-score files
Removing 2 SNPs with Chi^2 > 2310.139; 1168075 remain
Read in summary statistics [2/2] from: IBD_Strict.sumstats.gz
Out of 1168723 SNPs, 1161229 remain after merging with LD-score files
Removing 0 SNPs with Chi^2 > 412.181; 1161229 remain
          
Estimating heritability [1/3] for: GWAMA_Primary_Trait.sumstats.gz
Heritability Results for trait: GWAMA_Primary_Trait.sumstats.gz
Mean Chi^2 across remaining SNPs: 1.9433
Lambda GC: 1.6527
Intercept: 1.157 (0.0154)
Ratio: 0.1664 (0.0163)
Total Observed Scale h2: 0.0186 (8e-04)
h2 Z: 24.3
     
Calculating genetic covariance [2/3] for traits: GWAMA_Primary_Trait.sumstats.gz and IBD_Strict.sumstats.gz
1148451 SNPs remain after merging GWAMA_Primary_Trait.sumstats.gz and IBD_Strict.sumstats.gz summary statistics
Results for genetic covariance between: GWAMA_Primary_Trait.sumstats.gz and IBD_Strict.sumstats.gz
Mean Z*Z: 0.0148
Cross trait Intercept: 0.0021 (0.0055)
Total Observed Scale Genetic Covariance (g_cov): 7e-04 (6e-04)
g_cov Z: 1.16
g_cov P-value: 0.24419
          
Estimating heritability [3/3] for: IBD_Strict.sumstats.gz
Heritability Results for trait: IBD_Strict.sumstats.gz
Mean Chi^2 across remaining SNPs: 1.3024
Lambda GC: 1.2108
Intercept: 1.0967 (0.0189)
Ratio: 0.3197 (0.0626)
Total Observed Scale h2: 0.0251 (0.003)
h2 Z: 8.39
     
      
Genetic Correlation Results
Genetic Correlation between GWAMA_Primary_Trait.sumstats.gz and IBD_Strict.sumstats.gz: 0.0312 (0.0268)
     
     
LDSC finished running at 2026-08-02 11:05:08.772907
Running LDSC for all files took 0 minutes and 9 seconds
     
