Multivariate ld-score regression of 2 traits (GWAMA_Primary_Trait.sumstats.gz Rheumatoid_Arthritis_Other.sumstats.gz) began at: 2026-08-02 11:05:08.77381
Reading in LD scores
Read in summary statistics [1/2] from: GWAMA_Primary_Trait.sumstats.gz
Out of 1174598 SNPs, 1168077 remain after merging with LD-score files
Removing 2 SNPs with Chi^2 > 2310.139; 1168075 remain
Read in summary statistics [2/2] from: Rheumatoid_Arthritis_Other.sumstats.gz
Out of 1168738 SNPs, 1161238 remain after merging with LD-score files
Removing 0 SNPs with Chi^2 > 412.181; 1161238 remain
          
Estimating heritability [1/3] for: GWAMA_Primary_Trait.sumstats.gz
Heritability Results for trait: GWAMA_Primary_Trait.sumstats.gz
Mean Chi^2 across remaining SNPs: 1.9433
Lambda GC: 1.6527
Intercept: 1.157 (0.0154)
Ratio: 0.1664 (0.0163)
Total Observed Scale h2: 0.0186 (8e-04)
h2 Z: 24.3
     
Calculating genetic covariance [2/3] for traits: GWAMA_Primary_Trait.sumstats.gz and Rheumatoid_Arthritis_Other.sumstats.gz
1148456 SNPs remain after merging GWAMA_Primary_Trait.sumstats.gz and Rheumatoid_Arthritis_Other.sumstats.gz summary statistics
Results for genetic covariance between: GWAMA_Primary_Trait.sumstats.gz and Rheumatoid_Arthritis_Other.sumstats.gz
Mean Z*Z: 0.0562
Cross trait Intercept: -0.0031 (0.0056)
Total Observed Scale Genetic Covariance (g_cov): 0.0032 (5e-04)
g_cov Z: 6.18
g_cov P-value: 6.2393e-10
          
Estimating heritability [3/3] for: Rheumatoid_Arthritis_Other.sumstats.gz
Heritability Results for trait: Rheumatoid_Arthritis_Other.sumstats.gz
Mean Chi^2 across remaining SNPs: 1.0832
Lambda GC: 1.0721
Intercept: 1.0297 (0.0076)
Ratio: 0.357 (0.0915)
Total Observed Scale h2: 0.0063 (0.0013)
h2 Z: 4.71
     
      
Genetic Correlation Results
Genetic Correlation between GWAMA_Primary_Trait.sumstats.gz and Rheumatoid_Arthritis_Other.sumstats.gz: 0.2931 (0.0474)
     
     
LDSC finished running at 2026-08-02 11:05:21.330397
Running LDSC for all files took 0 minutes and 12 seconds
     
