Multivariate ld-score regression of 2 traits (GWAMA_Primary_Trait.sumstats.gz Rheuma.sumstats.gz) began at: 2026-08-02 11:05:43.926628
Reading in LD scores
Read in summary statistics [1/2] from: GWAMA_Primary_Trait.sumstats.gz
Out of 1174598 SNPs, 1168077 remain after merging with LD-score files
Removing 2 SNPs with Chi^2 > 2310.139; 1168075 remain
Read in summary statistics [2/2] from: Rheuma.sumstats.gz
Out of 1168726 SNPs, 1161238 remain after merging with LD-score files
Removing 2 SNPs with Chi^2 > 412.181; 1161236 remain
          
Estimating heritability [1/3] for: GWAMA_Primary_Trait.sumstats.gz
Heritability Results for trait: GWAMA_Primary_Trait.sumstats.gz
Mean Chi^2 across remaining SNPs: 1.9433
Lambda GC: 1.6527
Intercept: 1.157 (0.0154)
Ratio: 0.1664 (0.0163)
Total Observed Scale h2: 0.0186 (8e-04)
h2 Z: 24.3
     
Calculating genetic covariance [2/3] for traits: GWAMA_Primary_Trait.sumstats.gz and Rheuma.sumstats.gz
1148451 SNPs remain after merging GWAMA_Primary_Trait.sumstats.gz and Rheuma.sumstats.gz summary statistics
Results for genetic covariance between: GWAMA_Primary_Trait.sumstats.gz and Rheuma.sumstats.gz
Mean Z*Z: 0.0481
Cross trait Intercept: -0.0066 (0.0057)
Total Observed Scale Genetic Covariance (g_cov): 0.0029 (5e-04)
g_cov Z: 5.63
g_cov P-value: 1.7541e-08
          
Estimating heritability [3/3] for: Rheuma.sumstats.gz
Heritability Results for trait: Rheuma.sumstats.gz
Mean Chi^2 across remaining SNPs: 1.2219
Lambda GC: 1.1546
Intercept: 1.0713 (0.0106)
Ratio: 0.3214 (0.0476)
Total Observed Scale h2: 0.0176 (0.0025)
h2 Z: 7.04
     
      
Genetic Correlation Results
Genetic Correlation between GWAMA_Primary_Trait.sumstats.gz and Rheuma.sumstats.gz: 0.1581 (0.0281)
     
     
LDSC finished running at 2026-08-02 11:05:56.260936
Running LDSC for all files took 0 minutes and 12 seconds
     
