Multivariate ld-score regression of 2 traits (GWAMA_Primary_Trait.sumstats.gz Benign_Liver.sumstats.gz) began at: 2026-08-02 11:04:36.216882
Reading in LD scores
Read in summary statistics [1/2] from: GWAMA_Primary_Trait.sumstats.gz
Out of 1174598 SNPs, 1168077 remain after merging with LD-score files
Removing 2 SNPs with Chi^2 > 2310.139; 1168075 remain
Read in summary statistics [2/2] from: Benign_Liver.sumstats.gz
Out of 1168723 SNPs, 1161229 remain after merging with LD-score files
Removing 0 SNPs with Chi^2 > 412.181; 1161229 remain
          
Estimating heritability [1/3] for: GWAMA_Primary_Trait.sumstats.gz
Heritability Results for trait: GWAMA_Primary_Trait.sumstats.gz
Mean Chi^2 across remaining SNPs: 1.9433
Lambda GC: 1.6527
Intercept: 1.157 (0.0154)
Ratio: 0.1664 (0.0163)
Total Observed Scale h2: 0.0186 (8e-04)
h2 Z: 24.3
     
Calculating genetic covariance [2/3] for traits: GWAMA_Primary_Trait.sumstats.gz and Benign_Liver.sumstats.gz
1148451 SNPs remain after merging GWAMA_Primary_Trait.sumstats.gz and Benign_Liver.sumstats.gz summary statistics
Results for genetic covariance between: GWAMA_Primary_Trait.sumstats.gz and Benign_Liver.sumstats.gz
Mean Z*Z: -0.0026
Cross trait Intercept: -0.0081 (0.0054)
Total Observed Scale Genetic Covariance (g_cov): 3e-04 (5e-04)
g_cov Z: 0.555
g_cov P-value: 0.57917
          
Estimating heritability [3/3] for: Benign_Liver.sumstats.gz
Heritability Results for trait: Benign_Liver.sumstats.gz
Mean Chi^2 across remaining SNPs: 1.0065
Lambda GC: 1.0096
Intercept: 1.002 (0.0068)
Ratio: 0.3025 (1.0457)
Total Observed Scale h2: 5e-04 (0.0011)
h2 Z: 0.519
     
      
Genetic Correlation Results
Genetic Correlation between GWAMA_Primary_Trait.sumstats.gz and Benign_Liver.sumstats.gz: 0.0854 (0.1539)
     
     
LDSC finished running at 2026-08-02 11:04:46.923608
Running LDSC for all files took 0 minutes and 10 seconds
     
