Multivariate ld-score regression of 2 traits (GWAMA_Primary_Trait.sumstats.gz COPD_Opportunist_Infections.sumstats.gz) began at: 2026-08-02 11:05:21.762883
Reading in LD scores
Read in summary statistics [1/2] from: GWAMA_Primary_Trait.sumstats.gz
Out of 1174598 SNPs, 1168077 remain after merging with LD-score files
Removing 2 SNPs with Chi^2 > 2310.139; 1168075 remain
Read in summary statistics [2/2] from: COPD_Opportunist_Infections.sumstats.gz
Out of 1168714 SNPs, 1161220 remain after merging with LD-score files
Removing 0 SNPs with Chi^2 > 412.181; 1161220 remain
          
Estimating heritability [1/3] for: GWAMA_Primary_Trait.sumstats.gz
Heritability Results for trait: GWAMA_Primary_Trait.sumstats.gz
Mean Chi^2 across remaining SNPs: 1.9433
Lambda GC: 1.6527
Intercept: 1.157 (0.0154)
Ratio: 0.1664 (0.0163)
Total Observed Scale h2: 0.0186 (8e-04)
h2 Z: 24.3
     
Calculating genetic covariance [2/3] for traits: GWAMA_Primary_Trait.sumstats.gz and COPD_Opportunist_Infections.sumstats.gz
1148442 SNPs remain after merging GWAMA_Primary_Trait.sumstats.gz and COPD_Opportunist_Infections.sumstats.gz summary statistics
Results for genetic covariance between: GWAMA_Primary_Trait.sumstats.gz and COPD_Opportunist_Infections.sumstats.gz
Mean Z*Z: 0.0209
Cross trait Intercept: -0.0025 (0.0054)
Total Observed Scale Genetic Covariance (g_cov): 0.0011 (5e-04)
g_cov Z: 2.23
g_cov P-value: 0.025519
          
Estimating heritability [3/3] for: COPD_Opportunist_Infections.sumstats.gz
Heritability Results for trait: COPD_Opportunist_Infections.sumstats.gz
Mean Chi^2 across remaining SNPs: 1.0207
Lambda GC: 1.0254
Intercept: 0.9935 (0.0071)
Ratio: -0.3147 (0.344)
Total Observed Scale h2: 0.0034 (0.0012)
h2 Z: 2.86
     
      
Genetic Correlation Results
Genetic Correlation between GWAMA_Primary_Trait.sumstats.gz and COPD_Opportunist_Infections.sumstats.gz: 0.1417 (0.0634)
     
     
LDSC finished running at 2026-08-02 11:05:31.618461
Running LDSC for all files took 0 minutes and 9 seconds
     
