The munging of 1 summary statistics started at 2026-08-02 10:58:30.432786
Reading in reference file
Reading summary statistics for GWAMA_FINAL_FIXED_COPY.out. Please note that this step usually takes a few minutes due to the size of summary statistic files.
All files loaded into R!



Munging file: GWAMA_FINAL_FIXED_COPY.out
Interpreting the rs_number column as the SNP column, as requested
Interpreting the reference_allele column as the A1 column, as requested
Interpreting the other_allele column as the A2 column, as requested
Interpreting the beta column as the effect column, as requested
Interpreting the p column as the P column, as requested
Interpreting the eaf column as the MAF column, as requested
Interpreting the Z column as the Z column.
Interpreting the SE column as the SE column.
Using provided N (2310139) for file:GWAMA_FINAL_FIXED_COPY.out
Merging file:GWAMA_FINAL_FIXED_COPY.out with the reference file:w_hm3.snplist
39340763 rows present in the full GWAMA_FINAL_FIXED_COPY.out summary statistics file.
38138721 rows were removed from the GWAMA_FINAL_FIXED_COPY.out summary statistics file as the rs-ids for these rows were not present in the reference file.
1 rows were removed from the GWAMA_FINAL_FIXED_COPY.out summary statistics file due to missing values in the P-value column
166 row(s) were removed from the GWAMA_FINAL_FIXED_COPY.out summary statistics file due to the effect allele (A1) column not matching A1 or A2 in the reference file.
8 row(s) were removed from the GWAMA_FINAL_FIXED_COPY.out summary statistics file due to the other allele (A2) column not matching A1 or A2 in the reference file.
No INFO column, cannot filter on INFO, which may influence results
27269 rows were removed from the GWAMA_FINAL_FIXED_COPY.out summary statistics file due to missing MAF information or MAFs below the designated threshold of0.01
1174598SNPs are left in the summary statistics file GWAMA_FINAL_FIXED_COPY.out after QC.
I am done munging file: GWAMA_FINAL_FIXED_COPY.out
The file is saved as GWAMA_Primary_Trait.sumstats.gz in the current working directory.
     
Munging was completed at 2026-08-02 11:04:36.186712
The munging of all files took 6 minutes and 5.75392603874207 seconds
Please check the .log file(s) to ensure that all columns were interpreted correctly and no warnings were issued for any of the summary statistics files
