Multivariate ld-score regression of 2 traits (GWAMA_Primary_Trait.sumstats.gz Liver_Disease.sumstats.gz) began at: 2026-08-02 11:04:46.924425
Reading in LD scores
Read in summary statistics [1/2] from: GWAMA_Primary_Trait.sumstats.gz
Out of 1174598 SNPs, 1168077 remain after merging with LD-score files
Removing 2 SNPs with Chi^2 > 2310.139; 1168075 remain
Read in summary statistics [2/2] from: Liver_Disease.sumstats.gz
Out of 1168723 SNPs, 1161229 remain after merging with LD-score files
Removing 0 SNPs with Chi^2 > 412.181; 1161229 remain
          
Estimating heritability [1/3] for: GWAMA_Primary_Trait.sumstats.gz
Heritability Results for trait: GWAMA_Primary_Trait.sumstats.gz
Mean Chi^2 across remaining SNPs: 1.9433
Lambda GC: 1.6527
Intercept: 1.157 (0.0154)
Ratio: 0.1664 (0.0163)
Total Observed Scale h2: 0.0186 (8e-04)
h2 Z: 24.3
     
Calculating genetic covariance [2/3] for traits: GWAMA_Primary_Trait.sumstats.gz and Liver_Disease.sumstats.gz
1148451 SNPs remain after merging GWAMA_Primary_Trait.sumstats.gz and Liver_Disease.sumstats.gz summary statistics
Results for genetic covariance between: GWAMA_Primary_Trait.sumstats.gz and Liver_Disease.sumstats.gz
Mean Z*Z: 0.1042
Cross trait Intercept: -0.0012 (0.0062)
Total Observed Scale Genetic Covariance (g_cov): 0.0055 (6e-04)
g_cov Z: 9.36
g_cov P-value: 7.6118e-21
          
Estimating heritability [3/3] for: Liver_Disease.sumstats.gz
Heritability Results for trait: Liver_Disease.sumstats.gz
Mean Chi^2 across remaining SNPs: 1.0987
Lambda GC: 1.0807
Intercept: 1.0303 (0.0095)
Ratio: 0.3074 (0.0962)
Total Observed Scale h2: 0.0083 (0.0016)
h2 Z: 5.23
     
      
Genetic Correlation Results
Genetic Correlation between GWAMA_Primary_Trait.sumstats.gz and Liver_Disease.sumstats.gz: 0.4401 (0.047)
     
     
LDSC finished running at 2026-08-02 11:04:58.93007
Running LDSC for all files took 0 minutes and 12 seconds
     
